src/app/dashboard/page.tsx(10,9): error TS2304: Cannot find name 'checkingStatus'.
src/app/dashboard/page.tsx(22,18): error TS2304: Cannot find name 'isConnected'.
src/app/dashboard/page.tsx(22,33): error TS2304: Cannot find name 'address'.
src/app/dashboard/page.tsx(23,51): error TS2304: Cannot find name 'address'.
src/app/dashboard/page.tsx(36,19): error TS2304: Cannot find name 'merchantId'.
src/app/dashboard/page.tsx(39,26): error TS2304: Cannot find name 'MerchantForm'.
src/app/dashboard/page.tsx(40,44): error TS2304: Cannot find name 'address'.
src/app/dashboard/page.tsx(41,40): error TS2304: Cannot find name 'handleSuccess'.
src/app/dashboard/page.tsx(46,22): error TS2304: Cannot find name 'IntegrationDashboard'.
src/app/dashboard/page.tsx(46,55): error TS2304: Cannot find name 'merchantId'.
